#-----------------------------------------------------------
# Vivado v2024.2 (64-bit)
# SW Build 5239630 on Fri Nov 08 22:35:27 MST 2024
# IP Build 5239520 on Sun Nov 10 16:12:51 MST 2024
# SharedData Build 5239561 on Fri Nov 08 14:39:27 MST 2024
# Start of session at: Tue Jan 28 11:28:18 2025
# Process ID         : 18972
# Current directory  : D:/DSD/ADDERS
# Command line       : vivado.exe -gui_launcher_event rodinguilauncherevent20592 D:\DSD\ADDERS\ADDERS.xpr
# Log file           : D:/DSD/ADDERS/vivado.log
# Journal file       : D:/DSD/ADDERS\vivado.jou
# Running On         : bxbx
# Platform           : Windows Server 2016 or Windows 10
# Operating System   : 26100
# Processor Detail   : AMD Ryzen 7 7840HS w/ Radeon 780M Graphics     
# CPU Frequency      : 3793 MHz
# CPU Physical cores : 8
# CPU Logical cores  : 16
# Host memory        : 16415 MB
# Swap memory        : 15569 MB
# Total Virtual      : 31984 MB
# Available Virtual  : 21283 MB
#-----------------------------------------------------------
start_gui
open_project D:/DSD/ADDERS/ADDERS.xpr
update_compile_order -fileset sources_1
# Disabling source management mode.  This is to allow the top design properties to be set without GUI intervention.
set_property source_mgmt_mode None [current_project]
set_property top TB_FA [get_filesets sim_1]
set_property top_lib xil_defaultlib [get_filesets sim_1]
# Re-enabling previously disabled source management mode.
set_property source_mgmt_mode All [current_project]
update_compile_order -fileset sim_1
launch_simulation
source TB_FA.tcl
close [ open D:/DSD/ADDERS/ADDERS.srcs/sources_1/new/FOURBIT_ADDER.v w ]
add_files D:/DSD/ADDERS/ADDERS.srcs/sources_1/new/FOURBIT_ADDER.v
update_compile_order -fileset sources_1
update_compile_order -fileset sources_1
set_property SOURCE_SET sources_1 [get_filesets sim_1]
close [ open D:/DSD/ADDERS/ADDERS.srcs/sim_1/new/Fourbit_TB.v w ]
add_files -fileset sim_1 D:/DSD/ADDERS/ADDERS.srcs/sim_1/new/Fourbit_TB.v
update_compile_order -fileset sim_1
# Disabling source management mode.  This is to allow the top design properties to be set without GUI intervention.
set_property source_mgmt_mode None [current_project]
set_property top Fourbit_TB [get_filesets sim_1]
set_property top_lib xil_defaultlib [get_filesets sim_1]
# Re-enabling previously disabled source management mode.
set_property source_mgmt_mode All [current_project]
update_compile_order -fileset sim_1
launch_simulation
launch_simulation
launch_simulation
relaunch_sim
reset_simulation -simset sim_1 -mode behavioral
launch_simulation
relaunch_sim
